// Jest Snapshot v1, https://goo.gl/fbAQLP

exports[`Layout should match the snapshots 1`] = `
Object {
  "asFragment": [Function],
  "baseElement": .emotion-4 {
  background: rebeccapurple;
}

.emotion-2 {
  margin: 0 auto;
  max-width: 960px;
  padding: 1.45rem;
}

.emotion-1 {
  margin: 0;
}

.emotion-0 {
  color: white;
  -webkit-text-decoration: none;
  text-decoration: none;
}

<body>
    <div>
      <header
        class="emotion-4"
      >
        <div
          class="emotion-2 emotion-3"
        >
          <h1
            class="emotion-1"
            data-testid="title"
          >
            <a
              class="emotion-0"
              href="/"
            >
              Gatsby Default Starter
            </a>
          </h1>
        </div>
      </header>
      <div
        class="emotion-2 emotion-3"
      >
        <main>
          <div>
            Page content
          </div>
        </main>
        <footer>
          © 
          2019
          , Built with
           
          <a
            href="https://www.gatsbyjs.org"
          >
            Gatsby
          </a>
        </footer>
      </div>
    </div>
  </body>,
  "container": .emotion-4 {
  background: rebeccapurple;
}

.emotion-2 {
  margin: 0 auto;
  max-width: 960px;
  padding: 1.45rem;
}

.emotion-1 {
  margin: 0;
}

.emotion-0 {
  color: white;
  -webkit-text-decoration: none;
  text-decoration: none;
}

<div>
    <header
      class="emotion-4"
    >
      <div
        class="emotion-2 emotion-3"
      >
        <h1
          class="emotion-1"
          data-testid="title"
        >
          <a
            class="emotion-0"
            href="/"
          >
            Gatsby Default Starter
          </a>
        </h1>
      </div>
    </header>
    <div
      class="emotion-2 emotion-3"
    >
      <main>
        <div>
          Page content
        </div>
      </main>
      <footer>
        © 
        2019
        , Built with
         
        <a
          href="https://www.gatsbyjs.org"
        >
          Gatsby
        </a>
      </footer>
    </div>
  </div>,
  "debug": [Function],
  "findAllByAltText": [Function],
  "findAllByDisplayValue": [Function],
  "findAllByLabelText": [Function],
  "findAllByPlaceholderText": [Function],
  "findAllByRole": [Function],
  "findAllByTestId": [Function],
  "findAllByText": [Function],
  "findAllByTitle": [Function],
  "findByAltText": [Function],
  "findByDisplayValue": [Function],
  "findByLabelText": [Function],
  "findByPlaceholderText": [Function],
  "findByRole": [Function],
  "findByTestId": [Function],
  "findByText": [Function],
  "findByTitle": [Function],
  "getAllByAltText": [Function],
  "getAllByDisplayValue": [Function],
  "getAllByLabelText": [Function],
  "getAllByPlaceholderText": [Function],
  "getAllByRole": [Function],
  "getAllByTestId": [Function],
  "getAllByText": [Function],
  "getAllByTitle": [Function],
  "getByAltText": [Function],
  "getByDisplayValue": [Function],
  "getByLabelText": [Function],
  "getByPlaceholderText": [Function],
  "getByRole": [Function],
  "getByTestId": [Function],
  "getByText": [Function],
  "getByTitle": [Function],
  "queryAllByAltText": [Function],
  "queryAllByDisplayValue": [Function],
  "queryAllByLabelText": [Function],
  "queryAllByPlaceholderText": [Function],
  "queryAllByRole": [Function],
  "queryAllByTestId": [Function],
  "queryAllByText": [Function],
  "queryAllByTitle": [Function],
  "queryByAltText": [Function],
  "queryByDisplayValue": [Function],
  "queryByLabelText": [Function],
  "queryByPlaceholderText": [Function],
  "queryByRole": [Function],
  "queryByTestId": [Function],
  "queryByText": [Function],
  "queryByTitle": [Function],
  "rerender": [Function],
  "unmount": [Function],
}
`;
